// Jest Snapshot v1, https://goo.gl/fbAQLP

exports[`Item Component 1`] = `
<div>
  <li>
    <a
      href="#/"
      onClick={[Function]}
    >
      Ã—
    </a>
  </li>
</div>
`;
